
===========================================================================
report_checks -unconstrained
===========================================================================
======================= Typical Corner ===================================

Startpoint: RstN (input port clocked by Clk)
Endpoint: _941_ (recovery check against rising-edge clock Clk)
Path Group: asynchronous
Path Type: max

Fanout     Cap    Slew   Delay    Time   Description
-----------------------------------------------------------------------------
                  0.15    0.00    0.00   clock Clk (rise edge)
                          0.00    0.00   clock network delay (ideal)
                          2.00    2.00 ^ input external delay
    12    0.05    0.24    0.17    2.17 ^ RstN (in)
                                         RstN (net)
                  0.24    0.00    2.17 ^ _941_/SET_B (sky130_fd_sc_hd__dfstp_2)
                                  2.17   data arrival time

                  0.15   10.00   10.00   clock Clk (rise edge)
                          0.00   10.00   clock network delay (ideal)
                         -0.25    9.75   clock uncertainty
                          0.00    9.75   clock reconvergence pessimism
                                  9.75 ^ _941_/CLK (sky130_fd_sc_hd__dfstp_2)
                          0.15    9.90   library recovery time
                                  9.90   data required time
-----------------------------------------------------------------------------
                                  9.90   data required time
                                 -2.17   data arrival time
-----------------------------------------------------------------------------
                                  7.72   slack (MET)


Startpoint: _948_ (rising edge-triggered flip-flop clocked by Clk)
Endpoint: F_Data[10] (output port clocked by Clk)
Path Group: Clk
Path Type: max

Fanout     Cap    Slew   Delay    Time   Description
-----------------------------------------------------------------------------
                  0.15    0.00    0.00   clock Clk (rise edge)
                          0.00    0.00   clock network delay (ideal)
                  0.15    0.00    0.00 ^ _948_/CLK (sky130_fd_sc_hd__dfrtp_2)
     4    0.01    0.08    0.43    0.43 ^ _948_/Q (sky130_fd_sc_hd__dfrtp_2)
                                         memblk.rd_addr[0] (net)
                  0.08    0.00    0.43 ^ _389_/A (sky130_fd_sc_hd__buf_2)
     6    0.03    0.15    0.21    0.64 ^ _389_/X (sky130_fd_sc_hd__buf_2)
                                         _140_ (net)
                  0.15    0.00    0.64 ^ _403_/A (sky130_fd_sc_hd__buf_2)
     6    0.04    0.20    0.27    0.91 ^ _403_/X (sky130_fd_sc_hd__buf_2)
                                         _149_ (net)
                  0.20    0.00    0.91 ^ _415_/S0 (sky130_fd_sc_hd__mux4_2)
     1    0.00    0.08    0.54    1.44 v _415_/X (sky130_fd_sc_hd__mux4_2)
                                         _156_ (net)
                  0.08    0.00    1.44 v _416_/A (sky130_fd_sc_hd__buf_1)
     1    0.04    0.22    0.26    1.70 v _416_/X (sky130_fd_sc_hd__buf_1)
                                         F_Data[10] (net)
                  0.22    0.00    1.71 v F_Data[10] (out)
                                  1.71   data arrival time

                  0.15   10.00   10.00   clock Clk (rise edge)
                          0.00   10.00   clock network delay (ideal)
                         -0.25    9.75   clock uncertainty
                          0.00    9.75   clock reconvergence pessimism
                         -2.00    7.75   output external delay
                                  7.75   data required time
-----------------------------------------------------------------------------
                                  7.75   data required time
                                 -1.71   data arrival time
-----------------------------------------------------------------------------
                                  6.04   slack (MET)




===========================================================================
report_checks --slack_max -0.01
============================================================================
======================= Typical Corner ===================================

No paths found.


===========================================================================
 report_check_types -max_slew -max_cap -max_fanout -violators
============================================================================
======================= Typical Corner ===================================

max fanout

Pin                                   Limit Fanout  Slack
---------------------------------------------------------
RstN                                      6     12     -6 (VIOLATED)


max slew violations count Typical: 0
max fanout violations count Typical: 1
max cap violations count Typical: 0

===========================================================================
report_parasitic_annotation -report_unannotated
============================================================================
Found 1 unannotated drivers.
 Clk
Found 0 partially unannotated drivers.

===========================================================================
max slew violation count 0
max fanout violation count 1
max cap violation count 0
============================================================================

===========================================================================
check_setup -verbose -unconstrained_endpoints -multiple_clock -no_clock -no_input_delay -loops -generated_clocks
===========================================================================
